
> toproc@0.0.1 test C:\Users\Eliab Parra\Dev\nodejs-backend-architecture
> node --import tsx --import ./test/setup.mjs --test "test/integration/auth.http.test.mjs"


node:internal/modules/run_main:107
    triggerUncaughtException(
    ^
Error [ERR_MODULE_NOT_FOUND]: Cannot find module 'C:\Users\Eliab Parra\Dev\nodejs-backend-architecture\src\api\Dispatcher.js' imported from C:\Users\Eliab Parra\Dev\nodejs-backend-architecture\test\integration\auth.http.test.mjs
    at finalizeResolution (node:internal/modules/esm/resolve:274:11)
    at moduleResolve (node:internal/modules/esm/resolve:864:10)
    at defaultResolve (node:internal/modules/esm/resolve:990:11)
    at nextResolve (node:internal/modules/esm/hooks:769:28)
    at resolveBase (file:///C:/Users/Eliab%20Parra/Dev/nodejs-backend-architecture/node_modules/.pnpm/tsx@4.21.0/node_modules/tsx/dist/esm/index.mjs?1769988628586:2:3744)
    at resolveDirectory (file:///C:/Users/Eliab%20Parra/Dev/nodejs-backend-architecture/node_modules/.pnpm/tsx@4.21.0/node_modules/tsx/dist/esm/index.mjs?1769988628586:2:4243)
    at resolveTsPaths (file:///C:/Users/Eliab%20Parra/Dev/nodejs-backend-architecture/node_modules/.pnpm/tsx@4.21.0/node_modules/tsx/dist/esm/index.mjs?1769988628586:2:4984)
    at resolve (file:///C:/Users/Eliab%20Parra/Dev/nodejs-backend-architecture/node_modules/.pnpm/tsx@4.21.0/node_modules/tsx/dist/esm/index.mjs?1769988628586:2:5361)
    at nextResolve (node:internal/modules/esm/hooks:769:28)
    at AsyncLoaderHooksOnLoaderHookWorker.resolve (node:internal/modules/esm/hooks:265:30) {
  code: 'ERR_MODULE_NOT_FOUND',
  url: 'file:///C:/Users/Eliab%20Parra/Dev/nodejs-backend-architecture/src/api/Dispatcher.js'
}

Node.js v25.3.0
Ô£û test\integration\auth.http.test.mjs (451.5798ms)
Ôä╣ tests 1
Ôä╣ suites 0
Ôä╣ pass 0
Ôä╣ fail 1
Ôä╣ cancelled 0
Ôä╣ skipped 0
Ôä╣ todo 0
Ôä╣ duration_ms 499.4861

Ô£û failing tests:

test at test\integration\auth.http.test.mjs:1:1
Ô£û test\integration\auth.http.test.mjs (451.5798ms)
  'test failed'
ÔÇëELIFECYCLEÔÇë Test failed. See above for more details.
